C51 COMPILER V9.57.0.0   INIT                                                              09/30/2022 08:23:23 PAGE 1   


C51 COMPILER V9.57.0.0, COMPILATION OF MODULE INIT
OBJECT MODULE PLACED IN .\Objects\init.obj
COMPILER INVOKED BY: D:\keil5_C51\C51\BIN\C51.EXE C\init.c OPTIMIZE(8,SPEED) BROWSE INCDIR(.\C;.\H) DEBUG OBJECTEXTEND P
                    -RINT(.\Listings\init.lst) TABS(2) OBJECT(.\Objects\init.obj)

line level    source

   1          #include "global.h"
   2          
   3          
   4          /*-----------------------------------------------------------
   5          * 函数：void Init_IO()
   6          * 功能：IO口初始化函数
   7          * 输入： 无
   8          * 输出： 无
   9          ------------------------------------------------------------*/
  10          void Init_IO()
  11          {
  12   1        /*
  13   1        P00USB插入检测                       输入禁上拉
  14   1        P01接按键KEY1                        上拉输入
  15   1        P02接LED1，LED共阳极                 输出高
  16   1        P03接按键KEY3                        输出高
  17   1        P04接按键KEY2                        输出高
  18   1        P05接ADC—MTCTR2，测转动电机工作电流  模拟输入
  19   1        P06接ADC-M2，测转动电机工作电压      模拟输入
  20   1        P07接NTC，测温                       模拟输入
  21   1        */
  22   1        P0M = 0x1c;  //0001 1100
  23   1        P0UR = 0x1a; //0001 1010
  24   1        P0 = 0x1c;   //0001 1100   
  25   1        
  26   1        /*
  27   1        P10接PWM1NB，转动电机驱动口B         输出低
  28   1        P11接PWM1NA，转动电机驱动口A         输出低
  29   1        P12接ADC-MTCTR，测振动电机工作电流   模拟输入
  30   1        P13接PWM—charge充电控制口            输出低
  31   1        P14接ADC-3.7V测电池电压              模拟输入
  32   1        P15接PWN-MTCTR振动电机驱动口         输出低
  33   1        P16接Detect-6v测USB输入电压          模拟输入
  34   1        P17接ADC-CHARGEC测充电电流           模拟输入
  35   1        */
  36   1        P1M = 0x2b;  //0010 1011
  37   1        P1UR = 0x00; //0000 0000
  38   1        P1 = 0x00;   //0000 0000
  39   1        
  40   1        /*
  41   1        P20接VCC-NTC给NTC供电                输出高
  42   1        P21接ADC-M1测振动马达电压            模拟输入
  43   1        */
  44   1        P2M = 0x01;  //0000 0001
  45   1        P2UR = 0x00; //0000 0000
  46   1        P2 = 0x01;   //0000 0001
  47   1      } 
  48          
  49          
  50          /*-----------------------------------------------------------
  51          * 函数：void Init_Time0()
  52          * 功能：T0初始化函数
  53          * 输入： 无
  54          * 输出： 无
C51 COMPILER V9.57.0.0   INIT                                                              09/30/2022 08:23:23 PAGE 2   

  55          ------------------------------------------------------------*/
  56          void Init_Time0()
  57          {
  58   1        TH0 = 0xf8;    //延时2ms
  59   1        TL0 = 0x30;
  60   1        TMOD = 0x05;   //模式1，Fosc分频作为时钟源
  61   1        TCON0 = 0x20;  //Fosc32分频
  62   1        TR0 = 1;       //打开计时器 
  63   1        ET0 = 1;       //开计时器0中断
  64   1      }
  65          
  66          
  67          /*-----------------------------------------------------------
  68          * 函数：void Init_Time0()
  69          * 功能：T0初始化函数
  70          * 输入： 无
  71          * 输出： 无
  72          ------------------------------------------------------------*/
  73          void Init_PWM()
  74          {
  75   1        PW1CH = 0x04;  //0000 0100 
  76   1                       //P15做PWM输出口 
  77   1        PW1M = 0x60;   //0110 0000
  78   1                       //Fosc/2做时钟源 
  79   1        PW1YH = 0x03;  //设置PWM1周期 20K
  80   1        PW1YL = 0x20;
  81   1        PW12DH = 0x01; //设置PWM1占空比 50%
  82   1        PW12DL = 0x90;
  83   1      
  84   1        
  85   1        PW2CH = 0x34;  //0011 0100
  86   1                       //P10 P11 P13做PWM输出口
  87   1        PW2M = 0x61;   //0110 0001
  88   1                       //Fosc/2做时钟源 
  89   1        PW2YH = 0x03;  //设置PWM2周期 15.6K
  90   1        PW2YL = 0xff;
  91   1        PW2DH = 0x00;  //设置PWM2占空比 50%
  92   1        PW2DL = 0x00;
  93   1      }
  94          
  95          /*-----------------------------------------------------------
  96          * 函数：void Init_ADC()
  97          * 功能：ADC初始化函数
  98          * 输入： 无
  99          * 输出： 无
 100          ------------------------------------------------------------*/
 101          void Init_ADC()
 102          {
 103   1        P0CON = 0xe0;       //1110 0000  P05、P06、P07做纯模拟输入
 104   1        P1CON = 0xd4;       //1101 0100  P12、P14、P16、P17做纯模拟输入     
 105   1        P2CON = 0x02;       //0000 0010  P21做纯模拟输入
 106   1      
 107   1        VREFH = 0x00;       //0000 0000  内部参考电压
 108   1        ADR = 0x40;         //0100 0000  端口使能 ADC时钟fosc分频
 109   1        ADCAL = 0x07;       //0000 0111  ADC时钟fosc/128  
 110   1        ADM = 0x80;         //1000 0000  AD转换使能
 111   1        nop_();
 112   1        nop_();
 113   1        nop_();
 114   1        nop_();
 115   1        nop_();
 116   1        ADCAL |= 0x80;      //开始校准
C51 COMPILER V9.57.0.0   INIT                                                              09/30/2022 08:23:23 PAGE 3   

 117   1        while(ADCAL&0x80);
 118   1        ADCAL |= 0x40;
 119   1      }


MODULE INFORMATION:   STATIC OVERLAYABLE
   CODE SIZE        =    117    ----
   CONSTANT SIZE    =   ----    ----
   XDATA SIZE       =   ----    ----
   PDATA SIZE       =   ----    ----
   DATA SIZE        =   ----    ----
   IDATA SIZE       =   ----    ----
   BIT SIZE         =   ----    ----
END OF MODULE INFORMATION.


C51 COMPILATION COMPLETE.  0 WARNING(S),  0 ERROR(S)
