BL51 BANKED LINKER/LOCATER V6.22.2.0                                                    09/30/2022  08:23:23  PAGE 1


BL51 BANKED LINKER/LOCATER V6.22.2.0, INVOKED BY:
D:\KEIL5_C51\C51\BIN\BL51.EXE .\Objects\STARTUP.obj, .\Objects\OPTIONS_SN8F5762.obj, .\Objects\AD.obj, .\Objects\ctr.obj
>> , .\Objects\init.obj, .\Objects\main.obj, .\Objects\test.obj, .\Objects\time.obj, .\Objects\key.obj, .\Objects\uart.o
>> bj TO .\Objects\test PRINT (.\Listings\test.m51) RAMSIZE (256)


MEMORY MODEL: SMALL


INPUT MODULES INCLUDED:
  .\Objects\STARTUP.obj (?C_STARTUP)
  .\Objects\OPTIONS_SN8F5762.obj (OPTIONS_SN8F5762)
  .\Objects\AD.obj (AD)
  .\Objects\ctr.obj (CTR)
  .\Objects\init.obj (INIT)
  .\Objects\main.obj (MAIN)
  .\Objects\test.obj (TEST)
  .\Objects\time.obj (TIME)
  .\Objects\key.obj (KEY)
  .\Objects\uart.obj (UART)
  D:\KEIL5_C51\C51\LIB\C51S.LIB (?C?SLCMP)


LINK MAP OF MODULE:  .\Objects\test (?C_STARTUP)


            TYPE    BASE      LENGTH    RELOCATION   SEGMENT NAME
            -----------------------------------------------------

            * * * * * * *   D A T A   M E M O R Y   * * * * * * *
            REG     0000H     0008H     ABSOLUTE     "REG BANK 0"
            DATA    0008H     0002H     UNIT         ?DT?MAIN
                    000AH     0016H                  *** GAP ***
            BIT     0020H.0   0002H.2   UNIT         ?BI?MAIN
                    0022H.2   0000H.6                *** GAP ***
            IDATA   0023H     004FH     UNIT         ?ID?MAIN
            IDATA   0072H     0001H     UNIT         ?STACK

            * * * * * * *   C O D E   M E M O R Y   * * * * * * *
            CODE    0000H     0003H     ABSOLUTE     
            CODE    0003H     0007H     UNIT         ?PR?DELAY104US?UART
                    000AH     0001H                  *** GAP ***
            CODE    000BH     0003H     ABSOLUTE     
            CODE    000EH     02D5H     UNIT         ?PR?CTRL_CHARGE?CTR
            CODE    02E3H     0240H     UNIT         ?PR?ADCDEAL?AD
            CODE    0523H     0232H     UNIT         ?PR?MOTOR1_CTRL?CTR
            CODE    0755H     018BH     UNIT         ?PR?SCAN_TEMP?TEST
            CODE    08E0H     00EDH     UNIT         ?PR?CTRL_LED?CTR
            CODE    09CDH     00CBH     UNIT         ?PR?CHARGE_TIMECOUNTER?TIME
            CODE    0A98H     00AEH     UNIT         ?PR?SCAN_BATVOL?TEST
            CODE    0B46H     009AH     UNIT         ?PR?KEYSCAN?KEY
            CODE    0BE0H     0094H     UNIT         ?PR?MAIN?MAIN
            CODE    0C74H     0046H     UNIT         ?PR?SCAN_GUOYA?TEST
            CODE    0CBAH     0042H     UNIT         ?PR?SCAN_CHADIAN?TEST
            CODE    0CFCH     002CH     UNIT         ?PR?_UART_SENDBYTE?UART
            CODE    0D28H     0026H     UNIT         ?PR?INIT_ADC?INIT
            CODE    0D4EH     0024H     UNIT         ?PR?INIT_PWM?INIT
            CODE    0D72H     0023H     UNIT         ?PR?KEYLONGDEAL?KEY
BL51 BANKED LINKER/LOCATER V6.22.2.0                                                  09/30/2022  08:23:23  PAGE 2


            CODE    0D95H     001AH     UNIT         ?PR?INIT_IO?INIT
            CODE    0DAFH     0016H     UNIT         ?C?LIB_CODE
            CODE    0DC5H     0011H     UNIT         ?PR?INIT_TIME0?INIT
            CODE    0DD6H     000CH     UNIT         ?C_C51STARTUP
            CODE    0DE2H     0009H     UNIT         ?PR?T0_INTERRUPT?MAIN
                    0DEBH     3A0BH                  *** GAP ***
            CODE    47F6H     000AH     ABSOLUTE     



OVERLAY MAP OF MODULE:   .\Objects\test (?C_STARTUP)


SEGMENT
  +--> CALLED SEGMENT
---------------------
?C_C51STARTUP
  +--> ?PR?MAIN?MAIN

?PR?MAIN?MAIN
  +--> ?PR?INIT_IO?INIT
  +--> ?PR?INIT_TIME0?INIT
  +--> ?PR?INIT_PWM?INIT
  +--> ?PR?INIT_ADC?INIT
  +--> ?PR?ADCDEAL?AD
  +--> ?PR?SCAN_CHADIAN?TEST
  +--> ?PR?KEYSCAN?KEY
  +--> ?PR?KEYLONGDEAL?KEY
  +--> ?PR?CTRL_LED?CTR
  +--> ?PR?SCAN_GUOYA?TEST
  +--> ?PR?SCAN_TEMP?TEST
  +--> ?PR?SCAN_BATVOL?TEST
  +--> ?PR?CTRL_CHARGE?CTR
  +--> ?PR?MOTOR1_CTRL?CTR
  +--> ?PR?CHARGE_TIMECOUNTER?TIME
  +--> ?PR?_UART_SENDBYTE?UART

?PR?_UART_SENDBYTE?UART
  +--> ?PR?DELAY104US?UART



SYMBOL TABLE OF MODULE:  .\Objects\test (?C_STARTUP)

  VALUE           TYPE          NAME
  ----------------------------------

  -------         MODULE        ?C_STARTUP
  C:0DD6H         SEGMENT       ?C_C51STARTUP
  I:0072H         SEGMENT       ?STACK
  C:0000H         PUBLIC        ?C_STARTUP
  D:00E0H         SYMBOL        ACC
  D:00F0H         SYMBOL        B
  D:0083H         SYMBOL        DPH
  D:0082H         SYMBOL        DPL
  N:0000H         SYMBOL        IBPSTACK
  N:0100H         SYMBOL        IBPSTACKTOP
BL51 BANKED LINKER/LOCATER V6.22.2.0                                                  09/30/2022  08:23:23  PAGE 3


  N:0100H         SYMBOL        IDATALEN
  C:0DD9H         SYMBOL        IDATALOOP
  N:0000H         SYMBOL        PBPSTACK
  N:0100H         SYMBOL        PBPSTACKTOP
  N:0000H         SYMBOL        PDATALEN
  N:0000H         SYMBOL        PDATASTART
  N:0000H         SYMBOL        PPAGE
  N:0000H         SYMBOL        PPAGEENABLE
  D:00A0H         SYMBOL        PPAGE_SFR
  D:0081H         SYMBOL        SP
  C:0DD6H         SYMBOL        STARTUP1
  N:0000H         SYMBOL        XBPSTACK
  N:0000H         SYMBOL        XBPSTACKTOP
  N:0000H         SYMBOL        XDATALEN
  N:0000H         SYMBOL        XDATASTART
  C:0000H         LINE#         126
  C:0DD6H         LINE#         133
  C:0DD8H         LINE#         134
  C:0DD9H         LINE#         135
  C:0DDAH         LINE#         136
  C:0DDCH         LINE#         185
  C:0DDFH         LINE#         196
  -------         ENDMOD        ?C_STARTUP

  -------         MODULE        OPTIONS_SN8F5762
  N:0008H         SYMBOL        CK_FINE_TUNING_SET
  N:0014H         SYMBOL        CLOCKSRC_SET
  N:00C0H         SYMBOL        EXTERNAL_CLOCKRATE_SET
  N:00A0H         SYMBOL        IHRC32M_CLOCKRATE_SET
  N:00A0H         SYMBOL        IHRC32M_RTC_CLOCKRATE_SET
  N:0004H         SYMBOL        ISP_EN_SET
  N:0001H         SYMBOL        NOISEFILT_SET
  N:0030H         SYMBOL        RESETPIN_SET
  N:4800H         SYMBOL        ROM_SIZE
  N:0003H         SYMBOL        SECURITY_SET
  N:00C0H         SYMBOL        WATCHCLK_SET
  N:0050H         SYMBOL        WATCHDOG_SET
  N:00C0H         SYMBOL        XTAL12M_CLOCKRATE_SET
  N:00C0H         SYMBOL        XTAL16M_CLOCKRATE_SET
  N:00E0H         SYMBOL        XTAL4M_CLOCKRATE_SET
  -------         ENDMOD        OPTIONS_SN8F5762

  -------         MODULE        AD
  C:0000H         SYMBOL        _ICE_DUMMY_
  D:0080H         PUBLIC        P0
  D:0090H         PUBLIC        P1
  D:00A0H         PUBLIC        P2
  D:00A8H         PUBLIC        IEN0
  D:00B8H         PUBLIC        IEN1
  D:0088H         PUBLIC        TCON
  C:02E3H         PUBLIC        adcDEAL
  D:00D3H         PUBLIC        ADB
  D:00D2H         PUBLIC        ADM
  D:00D4H         PUBLIC        ADR
  D:0098H         PUBLIC        S0CON
  D:00D0H         PUBLIC        PSW
  D:00D5H         PUBLIC        VREFH
BL51 BANKED LINKER/LOCATER V6.22.2.0                                                  09/30/2022  08:23:23  PAGE 4


  -------         PROC          ADCDEAL
  C:02E3H         LINE#         10
  C:02E3H         LINE#         11
  C:02E3H         LINE#         12
  C:02E9H         LINE#         13
  C:02E9H         LINE#         14
  C:02F1H         LINE#         15
  C:02F1H         LINE#         17
  C:02F4H         LINE#         18
  C:0302H         LINE#         19
  C:0313H         LINE#         20
  C:0315H         LINE#         21
  C:031BH         LINE#         22
  C:031BH         LINE#         23
  C:0329H         LINE#         24
  C:0330H         LINE#         25
  C:0336H         LINE#         26
  C:0338H         LINE#         28
  C:0338H         LINE#         30
  C:0348H         LINE#         31
  C:034AH         LINE#         32
  C:0354H         LINE#         33
  C:0362H         LINE#         34
  C:0362H         LINE#         35
  C:0370H         LINE#         36
  C:0376H         LINE#         37
  C:037CH         LINE#         39
  C:037CH         LINE#         40
  C:0380H         LINE#         41
  C:0391H         LINE#         42
  C:03A2H         LINE#         43
  C:03B5H         LINE#         44
  C:03DFH         LINE#         45
  C:03DFH         LINE#         46
  C:03DFH         LINE#         47
  C:03DFH         LINE#         48
  C:03E3H         LINE#         49
  C:03F2H         LINE#         50
  C:03FAH         LINE#         51
  C:03FAH         LINE#         52
  C:0403H         LINE#         53
  C:0403H         LINE#         54
  C:0403H         LINE#         55
  C:0406H         LINE#         56
  C:0406H         LINE#         57
  C:0406H         LINE#         58
  C:040AH         LINE#         59
  C:0413H         LINE#         60
  C:0413H         LINE#         61
  C:0415H         LINE#         62
  C:0415H         LINE#         63
  C:0415H         LINE#         64
  C:0419H         LINE#         65
  C:0428H         LINE#         66
  C:0430H         LINE#         67
  C:0430H         LINE#         68
  C:0439H         LINE#         69
BL51 BANKED LINKER/LOCATER V6.22.2.0                                                  09/30/2022  08:23:23  PAGE 5


  C:0439H         LINE#         70
  C:0439H         LINE#         71
  C:043BH         LINE#         72
  C:043BH         LINE#         73
  C:043BH         LINE#         74
  C:043FH         LINE#         75
  C:0448H         LINE#         76
  C:0448H         LINE#         77
  C:044AH         LINE#         78
  C:044AH         LINE#         79
  C:044AH         LINE#         80
  C:044EH         LINE#         81
  C:0457H         LINE#         82
  C:0457H         LINE#         83
  C:0459H         LINE#         84
  C:0459H         LINE#         85
  C:0459H         LINE#         86
  C:045DH         LINE#         87
  C:046BH         LINE#         88
  C:0473H         LINE#         89
  C:0475H         LINE#         90
  C:0475H         LINE#         91
  C:0475H         LINE#         92
  C:0479H         LINE#         93
  C:0487H         LINE#         94
  C:0487H         LINE#         95
  C:0489H         LINE#         96
  C:0489H         LINE#         97
  C:0489H         LINE#         98
  C:048DH         LINE#         99
  C:049BH         LINE#         100
  C:049EH         LINE#         101
  C:049EH         LINE#         102
  C:049EH         LINE#         103
  C:049EH         LINE#         104
  C:049EH         LINE#         105
  C:049EH         LINE#         106
  C:049EH         LINE#         107
  C:049EH         LINE#         108
  C:04A4H         LINE#         109
  C:04A4H         LINE#         110
  C:04CBH         LINE#         111
  C:04CBH         LINE#         112
  C:04CBH         LINE#         113
  C:04CBH         LINE#         114
  C:04CEH         LINE#         115
  C:04D0H         LINE#         116
  C:04D0H         LINE#         117
  C:04D0H         LINE#         118
  C:04D8H         LINE#         119
  C:04DAH         LINE#         120
  C:04DAH         LINE#         121
  C:04DAH         LINE#         122
  C:04E2H         LINE#         123
  C:04E4H         LINE#         124
  C:04E4H         LINE#         125
  C:04E4H         LINE#         126
BL51 BANKED LINKER/LOCATER V6.22.2.0                                                  09/30/2022  08:23:23  PAGE 6


  C:04ECH         LINE#         127
  C:04EEH         LINE#         128
  C:04EEH         LINE#         129
  C:04EEH         LINE#         130
  C:04F6H         LINE#         131
  C:04F8H         LINE#         132
  C:04F8H         LINE#         133
  C:04F8H         LINE#         134
  C:0500H         LINE#         135
  C:0502H         LINE#         136
  C:0502H         LINE#         137
  C:0502H         LINE#         138
  C:050AH         LINE#         139
  C:050CH         LINE#         140
  C:050CH         LINE#         141
  C:050CH         LINE#         142
  C:0514H         LINE#         143
  C:0516H         LINE#         144
  C:0516H         LINE#         145
  C:0516H         LINE#         146
  C:0519H         LINE#         147
  C:051DH         LINE#         148
  C:051DH         LINE#         149
  C:051DH         LINE#         150
  C:0520H         LINE#         151
  C:0522H         LINE#         152
  C:0522H         LINE#         153
  -------         ENDPROC       ADCDEAL
  -------         ENDMOD        AD

  -------         MODULE        CTR
  C:0000H         SYMBOL        _ICE_DUMMY_
  D:0080H         PUBLIC        P0
  D:0090H         PUBLIC        P1
  D:00A0H         PUBLIC        P2
  D:00A8H         PUBLIC        IEN0
  D:00B8H         PUBLIC        IEN1
  D:00BAH         PUBLIC        PW2D
  D:00B0H         PUBLIC        PW1M
  D:00C8H         PUBLIC        PW2M
  B:0080H.3       PUBLIC        P03
  B:0080H.4       PUBLIC        P04
  D:0088H         PUBLIC        TCON
  C:0523H         PUBLIC        Motor1_Ctrl
  C:000EH         PUBLIC        Ctrl_Charge
  C:08E0H         PUBLIC        Ctrl_LED
  D:00AAH         PUBLIC        PW12D
  D:0098H         PUBLIC        S0CON
  D:00C9H         PUBLIC        PW2CH
  D:00D0H         PUBLIC        PSW
  -------         PROC          CTRL_CHARGE
  C:000EH         LINE#         9
  C:000EH         LINE#         10
  C:000EH         LINE#         11
  C:0032H         LINE#         12
  C:0032H         LINE#         13
  C:0038H         LINE#         14
BL51 BANKED LINKER/LOCATER V6.22.2.0                                                  09/30/2022  08:23:23  PAGE 7


  C:0038H         LINE#         15
  C:0044H         LINE#         16
  C:0044H         LINE#         17
  C:0046H         LINE#         18
  C:0046H         LINE#         19
  C:0046H         LINE#         21
  C:004CH         LINE#         22
  C:004CH         LINE#         23
  C:0052H         LINE#         24
  C:0052H         LINE#         25
  C:0055H         LINE#         26
  C:0055H         LINE#         27
  C:0068H         LINE#         28
  C:0068H         LINE#         29
  C:006AH         LINE#         30
  C:006AH         LINE#         31
  C:006CH         LINE#         32
  C:007DH         LINE#         33
  C:007DH         LINE#         34
  C:0081H         LINE#         35
  C:0087H         LINE#         36
  C:0087H         LINE#         37
  C:0089H         LINE#         38
  C:008FH         LINE#         39
  C:008FH         LINE#         40
  C:0091H         LINE#         41
  C:0097H         LINE#         42
  C:0097H         LINE#         45
  C:00ABH         LINE#         46
  C:00ABH         LINE#         47
  C:00ABH         LINE#         48
  C:00ABH         LINE#         49
  C:00BAH         LINE#         50
  C:00BAH         LINE#         51
  C:00C0H         LINE#         52
  C:00C0H         LINE#         53
  C:00C8H         LINE#         54
  C:00C8H         LINE#         55
  C:00CAH         LINE#         56
  C:00D3H         LINE#         57
  C:00D3H         LINE#         58
  C:00DEH         LINE#         59
  C:00DEH         LINE#         60
  C:00E6H         LINE#         61
  C:00E6H         LINE#         62
  C:00E6H         LINE#         63
  C:00F5H         LINE#         64
  C:00F5H         LINE#         65
  C:00F9H         LINE#         66
  C:00FFH         LINE#         67
  C:0103H         LINE#         68
  C:0103H         LINE#         69
  C:0106H         LINE#         70
  C:0106H         LINE#         71
  C:0106H         LINE#         72
  C:0115H         LINE#         73
  C:0115H         LINE#         74
BL51 BANKED LINKER/LOCATER V6.22.2.0                                                  09/30/2022  08:23:23  PAGE 8


  C:011BH         LINE#         75
  C:011BH         LINE#         76
  C:0123H         LINE#         77
  C:0123H         LINE#         78
  C:0125H         LINE#         79
  C:012EH         LINE#         80
  C:012EH         LINE#         81
  C:0139H         LINE#         82
  C:0139H         LINE#         83
  C:0141H         LINE#         84
  C:0141H         LINE#         85
  C:0141H         LINE#         86
  C:0150H         LINE#         87
  C:0150H         LINE#         88
  C:0154H         LINE#         89
  C:015BH         LINE#         90
  C:0161H         LINE#         91
  C:0166H         LINE#         92
  C:0169H         LINE#         93
  C:0175H         LINE#         94
  C:0175H         LINE#         95
  C:017DH         LINE#         96
  C:017DH         LINE#         97
  C:018CH         LINE#         98
  C:018CH         LINE#         99
  C:0194H         LINE#         100
  C:0194H         LINE#         101
  C:019DH         LINE#         102
  C:019DH         LINE#         103
  C:01A5H         LINE#         104
  C:01A5H         LINE#         105
  C:01B1H         LINE#         106
  C:01B1H         LINE#         107
  C:01B9H         LINE#         108
  C:01B9H         LINE#         109
  C:01B9H         LINE#         110
  C:01BCH         LINE#         111
  C:01BCH         LINE#         112
  C:01BCH         LINE#         113
  C:01D0H         LINE#         114
  C:01D0H         LINE#         115
  C:01D6H         LINE#         116
  C:01D6H         LINE#         117
  C:01DEH         LINE#         118
  C:01DEH         LINE#         119
  C:01E0H         LINE#         120
  C:01EFH         LINE#         121
  C:01EFH         LINE#         122
  C:01FAH         LINE#         123
  C:01FAH         LINE#         124
  C:0202H         LINE#         125
  C:0202H         LINE#         126
  C:0202H         LINE#         128
  C:0215H         LINE#         129
  C:0215H         LINE#         130
  C:021BH         LINE#         131
  C:0223H         LINE#         132
BL51 BANKED LINKER/LOCATER V6.22.2.0                                                  09/30/2022  08:23:23  PAGE 9


  C:0226H         LINE#         133
  C:0226H         LINE#         135
  C:0232H         LINE#         136
  C:0232H         LINE#         137
  C:023AH         LINE#         138
  C:0246H         LINE#         139
  C:0246H         LINE#         140
  C:024AH         LINE#         141
  C:024CH         LINE#         142
  C:024CH         LINE#         143
  C:024EH         LINE#         145
  C:024EH         LINE#         146
  C:025AH         LINE#         147
  C:025AH         LINE#         148
  C:0264H         LINE#         149
  C:0266H         LINE#         151
  C:0266H         LINE#         152
  C:026CH         LINE#         153
  C:026CH         LINE#         154
  C:026CH         LINE#         155
  C:026EH         LINE#         156
  C:026EH         LINE#         157
  C:026EH         LINE#         158
  C:026EH         LINE#         160
  C:026EH         LINE#         161
  C:0272H         LINE#         162
  C:0281H         LINE#         163
  C:0281H         LINE#         164
  C:0287H         LINE#         165
  C:0287H         LINE#         166
  C:028FH         LINE#         167
  C:028FH         LINE#         168
  C:0291H         LINE#         169
  C:029AH         LINE#         170
  C:029AH         LINE#         171
  C:02A5H         LINE#         172
  C:02A5H         LINE#         173
  C:02ADH         LINE#         174
  C:02ADH         LINE#         175
  C:02ADH         LINE#         176
  C:02ADH         LINE#         178
  C:02B3H         LINE#         180
  C:02B4H         LINE#         182
  C:02B4H         LINE#         183
  C:02BAH         LINE#         184
  C:02C6H         LINE#         185
  C:02C6H         LINE#         186
  C:02C9H         LINE#         187
  C:02CFH         LINE#         188
  C:02CFH         LINE#         189
  C:02D1H         LINE#         190
  C:02D3H         LINE#         191
  C:02D6H         LINE#         192
  C:02D6H         LINE#         193
  C:02D7H         LINE#         195
  C:02D7H         LINE#         196
  C:02DBH         LINE#         197
BL51 BANKED LINKER/LOCATER V6.22.2.0                                                  09/30/2022  08:23:23  PAGE 10


  C:02DBH         LINE#         198
  C:02DBH         LINE#         199
  C:02DCH         LINE#         201
  C:02DCH         LINE#         202
  C:02E2H         LINE#         203
  C:02E2H         LINE#         204
  -------         ENDPROC       CTRL_CHARGE
  -------         PROC          CTRL_LED
  C:08E0H         LINE#         212
  C:08E0H         LINE#         213
  C:08E0H         LINE#         214
  C:08E3H         LINE#         215
  C:08E3H         LINE#         216
  C:08E9H         LINE#         217
  C:08E9H         LINE#         218
  C:08EBH         LINE#         219
  C:08EDH         LINE#         220
  C:08F4H         LINE#         221
  C:08F4H         LINE#         222
  C:08F6H         LINE#         223
  C:08FAH         LINE#         224
  C:08FAH         LINE#         225
  C:0906H         LINE#         226
  C:0906H         LINE#         227
  C:0908H         LINE#         228
  C:090AH         LINE#         229
  C:090AH         LINE#         230
  C:090BH         LINE#         232
  C:090BH         LINE#         233
  C:090EH         LINE#         234
  C:090EH         LINE#         235
  C:090EH         LINE#         236
  C:090EH         LINE#         237
  C:090EH         LINE#         238
  C:0910H         LINE#         240
  C:0910H         LINE#         241
  C:0917H         LINE#         242
  C:0917H         LINE#         243
  C:0919H         LINE#         244
  C:091DH         LINE#         245
  C:091DH         LINE#         246
  C:0929H         LINE#         247
  C:0929H         LINE#         248
  C:092BH         LINE#         249
  C:092DH         LINE#         250
  C:092FH         LINE#         251
  C:092FH         LINE#         252
  C:092FH         LINE#         253
  C:092FH         LINE#         254
  C:0930H         LINE#         256
  C:0930H         LINE#         257
  C:093CH         LINE#         258
  C:093CH         LINE#         259
  C:093EH         LINE#         260
  C:0940H         LINE#         261
  C:0947H         LINE#         262
  C:0947H         LINE#         263
BL51 BANKED LINKER/LOCATER V6.22.2.0                                                  09/30/2022  08:23:23  PAGE 11


  C:0949H         LINE#         264
  C:094DH         LINE#         265
  C:094DH         LINE#         266
  C:0956H         LINE#         267
  C:0956H         LINE#         268
  C:0958H         LINE#         269
  C:0958H         LINE#         270
  C:0959H         LINE#         272
  C:0959H         LINE#         273
  C:095CH         LINE#         274
  C:095CH         LINE#         275
  C:0962H         LINE#         276
  C:0962H         LINE#         277
  C:0966H         LINE#         278
  C:0968H         LINE#         279
  C:096AH         LINE#         280
  C:096BH         LINE#         282
  C:096BH         LINE#         283
  C:0977H         LINE#         284
  C:0977H         LINE#         285
  C:097EH         LINE#         286
  C:097EH         LINE#         287
  C:0980H         LINE#         288
  C:0984H         LINE#         289
  C:0984H         LINE#         290
  C:098DH         LINE#         291
  C:098DH         LINE#         292
  C:098FH         LINE#         293
  C:0991H         LINE#         294
  C:0993H         LINE#         295
  C:0993H         LINE#         296
  C:0993H         LINE#         297
  C:0999H         LINE#         298
  C:0999H         LINE#         299
  C:09A0H         LINE#         300
  C:09A0H         LINE#         301
  C:09A2H         LINE#         302
  C:09A6H         LINE#         303
  C:09A6H         LINE#         304
  C:09AFH         LINE#         305
  C:09AFH         LINE#         306
  C:09B1H         LINE#         307
  C:09B3H         LINE#         308
  C:09B5H         LINE#         309
  C:09B5H         LINE#         310
  C:09B5H         LINE#         311
  C:09BBH         LINE#         312
  C:09BBH         LINE#         313
  C:09BFH         LINE#         314
  C:09C1H         LINE#         315
  C:09C3H         LINE#         316
  C:09C3H         LINE#         317
  C:09C3H         LINE#         318
  C:09C4H         LINE#         320
  C:09C4H         LINE#         321
  C:09C8H         LINE#         322
  C:09CAH         LINE#         323
BL51 BANKED LINKER/LOCATER V6.22.2.0                                                  09/30/2022  08:23:23  PAGE 12


  C:09CCH         LINE#         324
  C:09CCH         LINE#         325
  C:09CCH         LINE#         326
  C:09CCH         LINE#         327
  -------         ENDPROC       CTRL_LED
  -------         PROC          MOTOR1_CTRL
  C:0523H         LINE#         336
  C:0523H         LINE#         337
  C:0523H         LINE#         338
  C:0535H         LINE#         339
  C:0535H         LINE#         340
  C:054CH         LINE#         341
  C:054CH         LINE#         342
  C:054CH         LINE#         343
  C:054CH         LINE#         344
  C:054FH         LINE#         345
  C:0552H         LINE#         346
  C:0552H         LINE#         347
  C:0554H         LINE#         348
  C:056CH         LINE#         349
  C:056CH         LINE#         350
  C:0572H         LINE#         351
  C:0574H         LINE#         352
  C:0586H         LINE#         353
  C:0586H         LINE#         354
  C:058CH         LINE#         355
  C:058EH         LINE#         356
  C:05A0H         LINE#         357
  C:05A0H         LINE#         358
  C:05A6H         LINE#         359
  C:05A8H         LINE#         360
  C:05BAH         LINE#         361
  C:05BAH         LINE#         362
  C:05C0H         LINE#         363
  C:05C0H         LINE#         364
  C:05C0H         LINE#         365
  C:05D6H         LINE#         366
  C:05D6H         LINE#         367
  C:05E4H         LINE#         368
  C:05E4H         LINE#         370
  C:05E4H         LINE#         371
  C:05E4H         LINE#         372
  C:05E7H         LINE#         374
  C:05E7H         LINE#         379
  C:05F5H         LINE#         380
  C:05F5H         LINE#         381
  C:05F5H         LINE#         382
  C:05F5H         LINE#         383
  C:05F5H         LINE#         384
  C:05F8H         LINE#         385
  C:05F8H         LINE#         386
  C:05F8H         LINE#         387
  C:05FBH         LINE#         388
  C:05FEH         LINE#         389
  C:05FEH         LINE#         390
  C:0600H         LINE#         391
  C:0618H         LINE#         392
BL51 BANKED LINKER/LOCATER V6.22.2.0                                                  09/30/2022  08:23:23  PAGE 13


  C:0618H         LINE#         393
  C:061EH         LINE#         394
  C:0620H         LINE#         395
  C:0632H         LINE#         396
  C:0632H         LINE#         397
  C:0638H         LINE#         398
  C:063AH         LINE#         399
  C:064CH         LINE#         400
  C:064CH         LINE#         401
  C:0652H         LINE#         402
  C:0654H         LINE#         403
  C:0666H         LINE#         404
  C:0666H         LINE#         405
  C:066CH         LINE#         406
  C:066CH         LINE#         407
  C:066CH         LINE#         408
  C:0682H         LINE#         409
  C:0682H         LINE#         410
  C:0690H         LINE#         411
  C:0690H         LINE#         413
  C:0690H         LINE#         414
  C:0690H         LINE#         415
  C:0693H         LINE#         417
  C:0693H         LINE#         422
  C:06A1H         LINE#         423
  C:06A1H         LINE#         424
  C:06A1H         LINE#         425
  C:06A1H         LINE#         426
  C:06A1H         LINE#         427
  C:06A4H         LINE#         428
  C:06A4H         LINE#         429
  C:06A4H         LINE#         430
  C:06A7H         LINE#         431
  C:06AAH         LINE#         432
  C:06AAH         LINE#         433
  C:06ACH         LINE#         434
  C:06C4H         LINE#         435
  C:06C4H         LINE#         436
  C:06CAH         LINE#         437
  C:06CCH         LINE#         438
  C:06DEH         LINE#         439
  C:06DEH         LINE#         440
  C:06E4H         LINE#         441
  C:06E6H         LINE#         442
  C:06F8H         LINE#         443
  C:06F8H         LINE#         444
  C:06FEH         LINE#         445
  C:0700H         LINE#         446
  C:0709H         LINE#         447
  C:0709H         LINE#         448
  C:070FH         LINE#         449
  C:070FH         LINE#         450
  C:070FH         LINE#         451
  C:0725H         LINE#         452
  C:0725H         LINE#         453
  C:0730H         LINE#         454
  C:0730H         LINE#         456
BL51 BANKED LINKER/LOCATER V6.22.2.0                                                  09/30/2022  08:23:23  PAGE 14


  C:0737H         LINE#         457
  C:0737H         LINE#         458
  C:0739H         LINE#         460
  C:0739H         LINE#         465
  C:0744H         LINE#         466
  C:0744H         LINE#         467
  C:0750H         LINE#         468
  C:0750H         LINE#         469
  C:0750H         LINE#         470
  C:0751H         LINE#         471
  C:0751H         LINE#         475
  C:0751H         LINE#         476
  C:0751H         LINE#         478
  C:0751H         LINE#         479
  C:0754H         LINE#         480
  C:0754H         LINE#         481
  -------         ENDPROC       MOTOR1_CTRL
  -------         ENDMOD        CTR

  -------         MODULE        INIT
  C:0000H         SYMBOL        _ICE_DUMMY_
  D:00A1H         PUBLIC        PW1YL
  D:00B6H         PUBLIC        PW2YL
  D:0080H         PUBLIC        P0
  D:0090H         PUBLIC        P1
  D:00A0H         PUBLIC        P2
  D:00A8H         PUBLIC        IEN0
  D:00B8H         PUBLIC        IEN1
  C:0D95H         PUBLIC        Init_IO
  D:00ABH         PUBLIC        PW12DH
  D:00AAH         PUBLIC        PW12DL
  D:00B0H         PUBLIC        PW1M
  D:00C8H         PUBLIC        PW2M
  D:00F1H         PUBLIC        P0UR
  D:00F2H         PUBLIC        P1UR
  D:00F3H         PUBLIC        P2UR
  D:0089H         PUBLIC        TMOD
  D:0088H         PUBLIC        TCON
  C:0DC5H         PUBLIC        Init_Time0
  C:0D28H         PUBLIC        Init_ADC
  B:00A8H.1       PUBLIC        ET0
  D:008CH         PUBLIC        TH0
  D:00F9H         PUBLIC        P0M
  D:00FAH         PUBLIC        P1M
  D:00FBH         PUBLIC        P2M
  D:008AH         PUBLIC        TL0
  D:00D2H         PUBLIC        ADM
  D:00D9H         PUBLIC        ADCAL
  B:0088H.4       PUBLIC        TR0
  D:00D4H         PUBLIC        ADR
  D:00D6H         PUBLIC        P0CON
  D:009FH         PUBLIC        P1CON
  D:009EH         PUBLIC        P2CON
  D:00B1H         PUBLIC        PW1CH
  D:0098H         PUBLIC        S0CON
  D:00E7H         PUBLIC        TCON0
  D:00C9H         PUBLIC        PW2CH
BL51 BANKED LINKER/LOCATER V6.22.2.0                                                  09/30/2022  08:23:23  PAGE 15


  D:00BBH         PUBLIC        PW2DH
  D:00BAH         PUBLIC        PW2DL
  C:0D4EH         PUBLIC        Init_PWM
  D:00D0H         PUBLIC        PSW
  D:00A2H         PUBLIC        PW1YH
  D:00B7H         PUBLIC        PW2YH
  D:00D5H         PUBLIC        VREFH
  -------         PROC          INIT_IO
  C:0D95H         LINE#         10
  C:0D95H         LINE#         11
  C:0D95H         LINE#         22
  C:0D98H         LINE#         23
  C:0D9BH         LINE#         24
  C:0D9EH         LINE#         36
  C:0DA1H         LINE#         37
  C:0DA4H         LINE#         38
  C:0DA6H         LINE#         44
  C:0DA9H         LINE#         45
  C:0DABH         LINE#         46
  C:0DAEH         LINE#         47
  -------         ENDPROC       INIT_IO
  -------         PROC          INIT_TIME0
  C:0DC5H         LINE#         56
  C:0DC5H         LINE#         57
  C:0DC5H         LINE#         58
  C:0DC8H         LINE#         59
  C:0DCBH         LINE#         60
  C:0DCEH         LINE#         61
  C:0DD1H         LINE#         62
  C:0DD3H         LINE#         63
  C:0DD5H         LINE#         64
  -------         ENDPROC       INIT_TIME0
  -------         PROC          INIT_PWM
  C:0D4EH         LINE#         73
  C:0D4EH         LINE#         74
  C:0D4EH         LINE#         75
  C:0D51H         LINE#         77
  C:0D54H         LINE#         79
  C:0D57H         LINE#         80
  C:0D5AH         LINE#         81
  C:0D5DH         LINE#         82
  C:0D60H         LINE#         85
  C:0D63H         LINE#         87
  C:0D66H         LINE#         89
  C:0D69H         LINE#         90
  C:0D6CH         LINE#         91
  C:0D6FH         LINE#         92
  C:0D71H         LINE#         93
  -------         ENDPROC       INIT_PWM
  -------         PROC          INIT_ADC
  C:0D28H         LINE#         101
  C:0D28H         LINE#         102
  C:0D28H         LINE#         103
  C:0D2BH         LINE#         104
  C:0D2EH         LINE#         105
  C:0D31H         LINE#         107
  C:0D34H         LINE#         108
BL51 BANKED LINKER/LOCATER V6.22.2.0                                                  09/30/2022  08:23:23  PAGE 16


  C:0D37H         LINE#         109
  C:0D3AH         LINE#         110
  C:0D3DH         LINE#         111
  C:0D3EH         LINE#         112
  C:0D3FH         LINE#         113
  C:0D40H         LINE#         114
  C:0D41H         LINE#         115
  C:0D42H         LINE#         116
  C:0D45H         LINE#         117
  C:0D4AH         LINE#         118
  C:0D4DH         LINE#         119
  -------         ENDPROC       INIT_ADC
  -------         ENDMOD        INIT

  -------         MODULE        MAIN
  C:0000H         SYMBOL        _ICE_DUMMY_
  D:0080H         PUBLIC        P0
  D:0090H         PUBLIC        P1
  D:00A0H         PUBLIC        P2
  B:0020H.0       PUBLIC        F_Turn1
  I:0023H         PUBLIC        BATValBuff
  B:0020H.1       PUBLIC        F_ChargeFull
  I:0025H         PUBLIC        BATV_Level
  D:00A8H         PUBLIC        IEN0
  I:0026H         PUBLIC        Con_Deb
  B:0020H.2       PUBLIC        F_guoyaover
  I:0027H         PUBLIC        NTCErroDeb
  D:00B8H         PUBLIC        IEN1
  B:0020H.3       PUBLIC        F_ChargeErro
  B:0020H.4       PUBLIC        F_kuidian
  I:0028H         PUBLIC        AD_BATV
  I:002AH         PUBLIC        adN
  I:002BH         PUBLIC        BATDeb1
  I:002CH         PUBLIC        BATDeb2
  I:002DH         PUBLIC        BATDeb3
  I:002EH         PUBLIC        cnt_100ms
  I:002FH         PUBLIC        cnt_500ms
  I:0030H         PUBLIC        cnt_125ms
  I:0031H         PUBLIC        AD_NTCV
  I:0033H         PUBLIC        TempDeb
  C:0BE0H         PUBLIC        main
  B:0020H.5       PUBLIC        F_NTCErro
  I:0034H         PUBLIC        AD_M1C
  I:0036H         PUBLIC        AD_USBV
  I:0038H         PUBLIC        cnt_1hLowVol
  I:003AH         PUBLIC        BAT3V9Deb
  I:003BH         PUBLIC        TempHighDeb
  I:003CH         PUBLIC        AD_M2C
  I:003EH         PUBLIC        keyBUF
  I:003FH         PUBLIC        adVAL
  I:0041H         PUBLIC        adMIN
  I:0043H         PUBLIC        Motor1_Mode
  I:0044H         PUBLIC        adMAX
  I:0046H         PUBLIC        Motor2_Mode
  B:0020H.6       PUBLIC        Ft_2ms
  I:0047H         PUBLIC        TempAnomDeb
  B:0020H.7       PUBLIC        fk1LONG
BL51 BANKED LINKER/LOCATER V6.22.2.0                                                  09/30/2022  08:23:23  PAGE 17


  I:0048H         PUBLIC        Charge_Mode
  I:0049H         PUBLIC        guoyaDeb
  I:004AH         PUBLIC        adcCH
  D:0088H         PUBLIC        TCON
  I:004BH         PUBLIC        keyNEW
  B:0021H.0       PUBLIC        F_Power
  C:0DE2H         PUBLIC        T0_Interrupt
  I:004CH         PUBLIC        temp
  I:004DH         PUBLIC        AD_M1V
  I:004FH         PUBLIC        AD_M2V
  I:0051H         PUBLIC        adSUM
  B:0021H.1       PUBLIC        fk1DOWN
  I:0053H         PUBLIC        LED_Mode
  I:0054H         PUBLIC        TempVal
  I:0056H         PUBLIC        Dec_num
  I:0057H         PUBLIC        TempErroDeb
  B:0021H.2       PUBLIC        F_TempHigh
  D:0086H         PUBLIC        WDTR
  I:0058H         PUBLIC        DEB
  B:0021H.3       PUBLIC        F_TempAnom
  B:0021H.4       PUBLIC        fad_ing
  D:008CH         PUBLIC        TH0
  I:0059H         PUBLIC        cnt_3s
  B:0021H.5       PUBLIC        F_guoya
  D:0008H         PUBLIC        cnt_4s
  B:0021H.6       PUBLIC        F_diya
  D:008AH         PUBLIC        TL0
  B:00A8H.7       PUBLIC        EAL
  I:005AH         PUBLIC        Charge_cnt_9min
  B:0021H.7       PUBLIC        F_TempErro
  B:0022H.0       PUBLIC        F_ChargeSTA
  I:005CH         PUBLIC        Charge_time
  I:005EH         PUBLIC        adDATA
  I:0060H         PUBLIC        LEDDeb
  I:0061H         PUBLIC        BATDeb
  D:0098H         PUBLIC        S0CON
  I:0062H         PUBLIC        guoyaDeb1
  I:0063H         PUBLIC        cnt_10ms
  I:0064H         PUBLIC        ChargeFullDeb
  I:0066H         PUBLIC        TempnomDeb
  B:0022H.1       PUBLIC        F_chadian
  I:0067H         PUBLIC        Temp_Level
  I:0068H         PUBLIC        cntK1LONG
  I:0069H         PUBLIC        AD_ChargeC
  I:006BH         PUBLIC        Con_ChargeVolt
  I:006DH         PUBLIC        USBDeb
  D:00D0H         PUBLIC        PSW
  I:006EH         PUBLIC        cnt_1hHightemp
  I:0070H         PUBLIC        BATVal
  -------         PROC          MAIN
  C:0BE0H         LINE#         14
  C:0BE0H         LINE#         15
  C:0BE0H         LINE#         16
  C:0BE3H         LINE#         17
  C:0BE6H         LINE#         18
  C:0BE9H         LINE#         19
  C:0BECH         LINE#         20
BL51 BANKED LINKER/LOCATER V6.22.2.0                                                  09/30/2022  08:23:23  PAGE 18


  C:0BEFH         LINE#         22
  C:0BF1H         LINE#         24
  C:0BF1H         LINE#         25
  C:0BF1H         LINE#         26
  C:0BF4H         LINE#         27
  C:0BF7H         LINE#         28
  C:0BF7H         LINE#         29
  C:0BF9H         LINE#         30
  C:0BFCH         LINE#         31
  C:0C05H         LINE#         32
  C:0C05H         LINE#         33
  C:0C07H         LINE#         34
  C:0C0AH         LINE#         35
  C:0C0DH         LINE#         36
  C:0C10H         LINE#         37
  C:0C10H         LINE#         38
  C:0C19H         LINE#         39
  C:0C19H         LINE#         40
  C:0C1BH         LINE#         41
  C:0C1EH         LINE#         42
  C:0C1EH         LINE#         43
  C:0C27H         LINE#         44
  C:0C27H         LINE#         45
  C:0C29H         LINE#         46
  C:0C2CH         LINE#         47
  C:0C2FH         LINE#         48
  C:0C32H         LINE#         49
  C:0C35H         LINE#         50
  C:0C38H         LINE#         51
  C:0C38H         LINE#         52
  C:0C41H         LINE#         53
  C:0C41H         LINE#         54
  C:0C43H         LINE#         55
  C:0C46H         LINE#         56
  C:0C46H         LINE#         57
  C:0C57H         LINE#         58
  C:0C57H         LINE#         59
  C:0C5CH         LINE#         60
  C:0C63H         LINE#         61
  C:0C6AH         LINE#         62
  C:0C71H         LINE#         63
  C:0C71H         LINE#         64
  C:0C71H         LINE#         65
  -------         ENDPROC       MAIN
  -------         PROC          T0_INTERRUPT
  C:0DE2H         LINE#         68
  C:0DE2H         LINE#         70
  C:0DE5H         LINE#         71
  C:0DE8H         LINE#         72
  C:0DEAH         LINE#         73
  -------         ENDPROC       T0_INTERRUPT
  -------         ENDMOD        MAIN

  -------         MODULE        TEST
  C:0000H         SYMBOL        _ICE_DUMMY_
  C:0755H         PUBLIC        Scan_Temp
  D:0080H         PUBLIC        P0
BL51 BANKED LINKER/LOCATER V6.22.2.0                                                  09/30/2022  08:23:23  PAGE 19


  D:0090H         PUBLIC        P1
  D:00A0H         PUBLIC        P2
  D:00A8H         PUBLIC        IEN0
  D:00B8H         PUBLIC        IEN1
  C:0C74H         PUBLIC        Scan_guoya
  B:0080H.0       PUBLIC        P00
  C:0CBAH         PUBLIC        Scan_chadian
  D:0088H         PUBLIC        TCON
  D:0098H         PUBLIC        S0CON
  C:0A98H         PUBLIC        Scan_BATVol
  D:00D0H         PUBLIC        PSW
  -------         PROC          SCAN_CHADIAN
  C:0CBAH         LINE#         9
  C:0CBAH         LINE#         10
  C:0CBAH         LINE#         11
  C:0CBDH         LINE#         12
  C:0CBDH         LINE#         13
  C:0CC0H         LINE#         14
  C:0CC0H         LINE#         15
  C:0CC3H         LINE#         16
  C:0CC9H         LINE#         17
  C:0CC9H         LINE#         18
  C:0CCBH         LINE#         19
  C:0CCDH         LINE#         20
  C:0CCFH         LINE#         21
  C:0CD1H         LINE#         22
  C:0CD1H         LINE#         23
  C:0CD2H         LINE#         30
  C:0CD2H         LINE#         31
  C:0CD5H         LINE#         32
  C:0CD5H         LINE#         33
  C:0CD8H         LINE#         34
  C:0CDEH         LINE#         35
  C:0CDEH         LINE#         36
  C:0CE0H         LINE#         37
  C:0CE2H         LINE#         38
  C:0CE4H         LINE#         39
  C:0CE7H         LINE#         40
  C:0CE9H         LINE#         41
  C:0CEEH         LINE#         42
  C:0CF3H         LINE#         43
  C:0CF6H         LINE#         44
  C:0CF6H         LINE#         45
  C:0CF7H         LINE#         47
  C:0CF7H         LINE#         48
  C:0CFBH         LINE#         49
  C:0CFBH         LINE#         50
  C:0CFBH         LINE#         51
  -------         ENDPROC       SCAN_CHADIAN
  -------         PROC          SCAN_GUOYA
  C:0C74H         LINE#         61
  C:0C74H         LINE#         62
  C:0C74H         LINE#         63
  C:0C7AH         LINE#         64
  C:0C7AH         LINE#         65
  C:0C86H         LINE#         66
  C:0C86H         LINE#         67
BL51 BANKED LINKER/LOCATER V6.22.2.0                                                  09/30/2022  08:23:23  PAGE 20


  C:0C89H         LINE#         68
  C:0C8EH         LINE#         69
  C:0C8EH         LINE#         70
  C:0C90H         LINE#         71
  C:0C92H         LINE#         72
  C:0C94H         LINE#         73
  C:0C94H         LINE#         74
  C:0C98H         LINE#         75
  C:0C99H         LINE#         77
  C:0C99H         LINE#         78
  C:0C9CH         LINE#         79
  C:0C9CH         LINE#         80
  C:0C9FH         LINE#         81
  C:0CA5H         LINE#         82
  C:0CA5H         LINE#         83
  C:0CA7H         LINE#         84
  C:0CA9H         LINE#         85
  C:0CABH         LINE#         86
  C:0CABH         LINE#         87
  C:0CABH         LINE#         88
  C:0CAFH         LINE#         89
  C:0CAFH         LINE#         90
  C:0CB0H         LINE#         92
  C:0CB0H         LINE#         93
  C:0CB4H         LINE#         94
  C:0CB7H         LINE#         95
  C:0CB9H         LINE#         96
  C:0CB9H         LINE#         97
  -------         ENDPROC       SCAN_GUOYA
  -------         PROC          SCAN_TEMP
  C:0755H         LINE#         106
  C:0755H         LINE#         107
  C:0755H         LINE#         108
  C:075BH         LINE#         109
  C:075BH         LINE#         111
  C:0772H         LINE#         112
  C:0772H         LINE#         113
  C:0775H         LINE#         114
  C:077BH         LINE#         115
  C:077BH         LINE#         116
  C:077DH         LINE#         117
  C:077FH         LINE#         118
  C:0781H         LINE#         119
  C:0781H         LINE#         120
  C:0783H         LINE#         122
  C:0783H         LINE#         123
  C:0788H         LINE#         124
  C:0788H         LINE#         125
  C:0789H         LINE#         126
  C:0789H         LINE#         127
  C:0789H         LINE#         130
  C:078EH         LINE#         131
  C:078EH         LINE#         132
  C:079AH         LINE#         133
  C:079AH         LINE#         134
  C:079EH         LINE#         135
  C:079EH         LINE#         136
BL51 BANKED LINKER/LOCATER V6.22.2.0                                                  09/30/2022  08:23:23  PAGE 21


  C:07B6H         LINE#         137
  C:07B6H         LINE#         138
  C:07B6H         LINE#         139
  C:07B8H         LINE#         140
  C:07CAH         LINE#         141
  C:07CAH         LINE#         142
  C:07CAH         LINE#         143
  C:07CCH         LINE#         144
  C:07DEH         LINE#         145
  C:07DEH         LINE#         146
  C:07DEH         LINE#         147
  C:07E0H         LINE#         148
  C:07F2H         LINE#         149
  C:07F2H         LINE#         150
  C:07F2H         LINE#         151
  C:07F4H         LINE#         152
  C:0800H         LINE#         153
  C:0800H         LINE#         154
  C:0800H         LINE#         155
  C:0800H         LINE#         156
  C:0802H         LINE#         158
  C:0802H         LINE#         159
  C:0811H         LINE#         160
  C:0811H         LINE#         161
  C:0815H         LINE#         162
  C:0815H         LINE#         163
  C:0827H         LINE#         164
  C:0827H         LINE#         165
  C:082BH         LINE#         166
  C:082DH         LINE#         167
  C:083FH         LINE#         168
  C:083FH         LINE#         169
  C:0843H         LINE#         170
  C:0845H         LINE#         171
  C:0857H         LINE#         172
  C:0857H         LINE#         173
  C:085BH         LINE#         174
  C:085DH         LINE#         175
  C:086FH         LINE#         176
  C:086FH         LINE#         177
  C:0873H         LINE#         178
  C:0875H         LINE#         179
  C:087EH         LINE#         180
  C:087EH         LINE#         181
  C:0882H         LINE#         182
  C:0882H         LINE#         183
  C:0882H         LINE#         185
  C:0893H         LINE#         186
  C:0893H         LINE#         187
  C:089CH         LINE#         188
  C:089CH         LINE#         189
  C:089EH         LINE#         190
  C:08A5H         LINE#         191
  C:08A5H         LINE#         192
  C:08A7H         LINE#         194
  C:08A7H         LINE#         195
  C:08ABH         LINE#         196
BL51 BANKED LINKER/LOCATER V6.22.2.0                                                  09/30/2022  08:23:23  PAGE 22


  C:08ABH         LINE#         199
  C:08B9H         LINE#         200
  C:08B9H         LINE#         201
  C:08BBH         LINE#         202
  C:08BFH         LINE#         203
  C:08BFH         LINE#         204
  C:08C1H         LINE#         205
  C:08C2H         LINE#         207
  C:08C2H         LINE#         208
  C:08C4H         LINE#         209
  C:08C4H         LINE#         210
  C:08C5H         LINE#         212
  C:08C5H         LINE#         213
  C:08C7H         LINE#         214
  C:08C9H         LINE#         215
  C:08D5H         LINE#         216
  C:08D5H         LINE#         217
  C:08D7H         LINE#         218
  C:08D7H         LINE#         219
  C:08DDH         LINE#         220
  C:08DDH         LINE#         221
  C:08DFH         LINE#         222
  C:08DFH         LINE#         223
  C:08DFH         LINE#         224
  C:08DFH         LINE#         225
  -------         ENDPROC       SCAN_TEMP
  -------         PROC          SCAN_BATVOL
  C:0A98H         LINE#         236
  C:0A98H         LINE#         237
  C:0A98H         LINE#         238
  C:0A9BH         LINE#         239
  C:0A9BH         LINE#         241
  C:0AB3H         LINE#         242
  C:0AB3H         LINE#         243
  C:0AB6H         LINE#         244
  C:0ABFH         LINE#         245
  C:0ABFH         LINE#         246
  C:0AC1H         LINE#         247
  C:0AC3H         LINE#         248
  C:0AC3H         LINE#         249
  C:0AC4H         LINE#         251
  C:0AC4H         LINE#         252
  C:0AC8H         LINE#         253
  C:0AC8H         LINE#         254
  C:0AC9H         LINE#         256
  C:0AC9H         LINE#         257
  C:0ACDH         LINE#         260
  C:0AD0H         LINE#         261
  C:0AD0H         LINE#         262
  C:0AE8H         LINE#         263
  C:0AE8H         LINE#         264
  C:0AF1H         LINE#         265
  C:0AF1H         LINE#         266
  C:0AF3H         LINE#         267
  C:0AF5H         LINE#         268
  C:0AF5H         LINE#         269
  C:0AF7H         LINE#         271
BL51 BANKED LINKER/LOCATER V6.22.2.0                                                  09/30/2022  08:23:23  PAGE 23


  C:0AF7H         LINE#         272
  C:0AFCH         LINE#         273
  C:0AFCH         LINE#         274
  C:0AFDH         LINE#         275
  C:0AFDH         LINE#         276
  C:0AFDH         LINE#         277
  C:0AFFH         LINE#         279
  C:0AFFH         LINE#         280
  C:0B0BH         LINE#         281
  C:0B0BH         LINE#         282
  C:0B13H         LINE#         283
  C:0B13H         LINE#         284
  C:0B15H         LINE#         285
  C:0B17H         LINE#         286
  C:0B17H         LINE#         287
  C:0B19H         LINE#         289
  C:0B19H         LINE#         290
  C:0B1EH         LINE#         291
  C:0B1EH         LINE#         292
  C:0B1FH         LINE#         293
  C:0B1FH         LINE#         294
  C:0B1FH         LINE#         295
  C:0B1FH         LINE#         298
  C:0B22H         LINE#         299
  C:0B22H         LINE#         300
  C:0B2EH         LINE#         301
  C:0B2EH         LINE#         302
  C:0B37H         LINE#         303
  C:0B37H         LINE#         304
  C:0B39H         LINE#         305
  C:0B3BH         LINE#         306
  C:0B3DH         LINE#         307
  C:0B3DH         LINE#         308
  C:0B3EH         LINE#         310
  C:0B3EH         LINE#         311
  C:0B43H         LINE#         312
  C:0B43H         LINE#         313
  C:0B45H         LINE#         314
  C:0B45H         LINE#         315
  C:0B45H         LINE#         316
  C:0B45H         LINE#         318
  C:0B45H         LINE#         319
  -------         ENDPROC       SCAN_BATVOL
  -------         ENDMOD        TEST

  -------         MODULE        TIME
  C:0000H         SYMBOL        _ICE_DUMMY_
  D:0080H         PUBLIC        P0
  D:0090H         PUBLIC        P1
  D:00A0H         PUBLIC        P2
  D:00A8H         PUBLIC        IEN0
  D:00B8H         PUBLIC        IEN1
  D:0088H         PUBLIC        TCON
  D:0098H         PUBLIC        S0CON
  C:09CDH         PUBLIC        Charge_timecounter
  D:00D0H         PUBLIC        PSW
  -------         PROC          CHARGE_TIMECOUNTER
BL51 BANKED LINKER/LOCATER V6.22.2.0                                                  09/30/2022  08:23:23  PAGE 24


  C:09CDH         LINE#         9
  C:09CDH         LINE#         10
  C:09CDH         LINE#         11
  C:09D3H         LINE#         12
  C:09D3H         LINE#         13
  C:09DBH         LINE#         14
  C:09EAH         LINE#         15
  C:09EAH         LINE#         16
  C:09ECH         LINE#         17
  C:09ECH         LINE#         18
  C:09FBH         LINE#         19
  C:09FBH         LINE#         20
  C:0A01H         LINE#         21
  C:0A03H         LINE#         22
  C:0A03H         LINE#         24
  C:0A0AH         LINE#         25
  C:0A0AH         LINE#         26
  C:0A1DH         LINE#         27
  C:0A1DH         LINE#         28
  C:0A23H         LINE#         29
  C:0A25H         LINE#         30
  C:0A25H         LINE#         31
  C:0A27H         LINE#         33
  C:0A27H         LINE#         34
  C:0A33H         LINE#         35
  C:0A33H         LINE#         36
  C:0A3DH         LINE#         37
  C:0A3FH         LINE#         39
  C:0A3FH         LINE#         40
  C:0A45H         LINE#         41
  C:0A45H         LINE#         42
  C:0A45H         LINE#         44
  C:0A4FH         LINE#         45
  C:0A4FH         LINE#         46
  C:0A62H         LINE#         47
  C:0A62H         LINE#         48
  C:0A68H         LINE#         49
  C:0A6AH         LINE#         50
  C:0A6AH         LINE#         51
  C:0A6BH         LINE#         53
  C:0A6BH         LINE#         54
  C:0A77H         LINE#         55
  C:0A77H         LINE#         56
  C:0A81H         LINE#         57
  C:0A82H         LINE#         59
  C:0A82H         LINE#         60
  C:0A85H         LINE#         61
  C:0A85H         LINE#         62
  C:0A85H         LINE#         63
  C:0A87H         LINE#         65
  C:0A87H         LINE#         66
  C:0A8DH         LINE#         67
  C:0A92H         LINE#         68
  C:0A97H         LINE#         69
  C:0A97H         LINE#         70
  -------         ENDPROC       CHARGE_TIMECOUNTER
  -------         ENDMOD        TIME
BL51 BANKED LINKER/LOCATER V6.22.2.0                                                  09/30/2022  08:23:23  PAGE 25



  -------         MODULE        KEY
  C:0000H         SYMBOL        _ICE_DUMMY_
  D:0080H         PUBLIC        P0
  D:0090H         PUBLIC        P1
  D:00A0H         PUBLIC        P2
  D:00A8H         PUBLIC        IEN0
  D:00B8H         PUBLIC        IEN1
  C:0D72H         PUBLIC        keylongDEAL
  D:00F1H         PUBLIC        P0UR
  B:0080H.1       PUBLIC        P01
  B:0080H.3       PUBLIC        P03
  B:0080H.4       PUBLIC        P04
  D:0088H         PUBLIC        TCON
  D:00F9H         PUBLIC        P0M
  D:0098H         PUBLIC        S0CON
  C:0B46H         PUBLIC        keyscan
  D:00D0H         PUBLIC        PSW
  -------         PROC          KEYSCAN
  C:0B46H         LINE#         9
  C:0B46H         LINE#         10
  C:0B46H         LINE#         11
  C:0B49H         LINE#         12
  C:0B4CH         LINE#         13
  C:0B4FH         LINE#         15
  C:0B53H         LINE#         16
  C:0B56H         LINE#         17
  C:0B5AH         LINE#         18
  C:0B5DH         LINE#         19
  C:0B63H         LINE#         20
  C:0B66H         LINE#         21
  C:0B6CH         LINE#         22
  C:0B78H         LINE#         23
  C:0B7CH         LINE#         24
  C:0B7CH         LINE#         25
  C:0B7FH         LINE#         26
  C:0B85H         LINE#         27
  C:0B85H         LINE#         28
  C:0B87H         LINE#         29
  C:0B8BH         LINE#         30
  C:0B92H         LINE#         31
  C:0B92H         LINE#         32
  C:0B95H         LINE#         33
  C:0B95H         LINE#         34
  C:0B97H         LINE#         35
  C:0B99H         LINE#         37
  C:0B99H         LINE#         38
  C:0B9BH         LINE#         39
  C:0B9EH         LINE#         40
  C:0B9EH         LINE#         41
  C:0BA0H         LINE#         42
  C:0BA0H         LINE#         43
  C:0BA0H         LINE#         44
  C:0BA0H         LINE#         45
  C:0BA4H         LINE#         46
  C:0BA4H         LINE#         47
  C:0BA7H         LINE#         48
BL51 BANKED LINKER/LOCATER V6.22.2.0                                                  09/30/2022  08:23:23  PAGE 26


  C:0BA7H         LINE#         50
  C:0BAAH         LINE#         51
  C:0BAAH         LINE#         52
  C:0BACH         LINE#         53
  C:0BB4H         LINE#         54
  C:0BB4H         LINE#         55
  C:0BB5H         LINE#         56
  C:0BB7H         LINE#         58
  C:0BB7H         LINE#         59
  C:0BBBH         LINE#         60
  C:0BBBH         LINE#         61
  C:0BBBH         LINE#         62
  C:0BBBH         LINE#         63
  C:0BBBH         LINE#         64
  C:0BC1H         LINE#         65
  C:0BC1H         LINE#         66
  C:0BC4H         LINE#         67
  C:0BC4H         LINE#         69
  C:0BC4H         LINE#         70
  C:0BC4H         LINE#         71
  C:0BC4H         LINE#         72
  C:0BC6H         LINE#         74
  C:0BC6H         LINE#         75
  C:0BCEH         LINE#         76
  C:0BD2H         LINE#         78
  C:0BD6H         LINE#         79
  C:0BD6H         LINE#         81
  C:0BD9H         LINE#         82
  C:0BDCH         LINE#         83
  C:0BDFH         LINE#         84
  -------         ENDPROC       KEYSCAN
  -------         PROC          KEYLONGDEAL
  C:0D72H         LINE#         94
  C:0D72H         LINE#         95
  C:0D72H         LINE#         96
  C:0D75H         LINE#         97
  C:0D75H         LINE#         98
  C:0D78H         LINE#         99
  C:0D78H         LINE#         100
  C:0D7BH         LINE#         101
  C:0D81H         LINE#         102
  C:0D81H         LINE#         103
  C:0D83H         LINE#         104
  C:0D85H         LINE#         105
  C:0D88H         LINE#         106
  C:0D88H         LINE#         107
  C:0D8AH         LINE#         108
  C:0D8BH         LINE#         110
  C:0D8BH         LINE#         111
  C:0D8DH         LINE#         112
  C:0D8FH         LINE#         113
  C:0D8FH         LINE#         114
  C:0D8FH         LINE#         115
  C:0D8FH         LINE#         116
  C:0D90H         LINE#         118
  C:0D90H         LINE#         119
  C:0D94H         LINE#         121
BL51 BANKED LINKER/LOCATER V6.22.2.0                                                  09/30/2022  08:23:23  PAGE 27


  C:0D94H         LINE#         122
  -------         ENDPROC       KEYLONGDEAL
  -------         ENDMOD        KEY

  -------         MODULE        UART
  C:0000H         SYMBOL        _ICE_DUMMY_
  D:0080H         PUBLIC        P0
  D:0090H         PUBLIC        P1
  D:00A0H         PUBLIC        P2
  D:00A8H         PUBLIC        IEN0
  D:00B8H         PUBLIC        IEN1
  C:0CFCH         PUBLIC        _Uart_SendByte
  D:0088H         PUBLIC        TCON
  B:0090H.5       PUBLIC        P15
  B:00A8H.7       PUBLIC        EAL
  D:0098H         PUBLIC        S0CON
  C:0003H         PUBLIC        Delay104us
  D:00D0H         PUBLIC        PSW
  -------         PROC          DELAY104US
  -------         DO            
  D:0007H         SYMBOL        i
  -------         ENDDO         
  C:0003H         LINE#         4
  C:0003H         LINE#         5
  C:0003H         LINE#         8
  C:0005H         LINE#         9
  C:0009H         LINE#         11
  -------         ENDPROC       DELAY104US
  -------         PROC          _UART_SENDBYTE
  D:0006H         SYMBOL        SendData
  -------         DO            
  D:0005H         SYMBOL        i
  -------         ENDDO         
  C:0CFCH         LINE#         13
  C:0CFEH         LINE#         14
  C:0CFEH         LINE#         16
  C:0D00H         LINE#         17
  C:0D02H         LINE#         18
  C:0D05H         LINE#         19
  C:0D07H         LINE#         20
  C:0D09H         LINE#         21
  C:0D09H         LINE#         22
  C:0D0DH         LINE#         23
  C:0D0DH         LINE#         24
  C:0D0FH         LINE#         25
  C:0D11H         LINE#         27
  C:0D11H         LINE#         28
  C:0D13H         LINE#         29
  C:0D13H         LINE#         30
  C:0D16H         LINE#         31
  C:0D1AH         LINE#         32
  C:0D1EH         LINE#         33
  C:0D20H         LINE#         34
  C:0D22H         LINE#         36
  C:0D25H         LINE#         37
  -------         ENDPROC       _UART_SENDBYTE
  -------         ENDMOD        UART
BL51 BANKED LINKER/LOCATER V6.22.2.0                                                  09/30/2022  08:23:23  PAGE 28



  -------         MODULE        ?C?SLCMP
  C:0DAFH         PUBLIC        ?C?SLCMP
  -------         ENDMOD        ?C?SLCMP

Program Size: data=92.2 xdata=0 code=3572
LINK/LOCATE RUN COMPLETE.  0 WARNING(S),  0 ERROR(S)
