C51 COMPILER V9.57.0.0   TEST                                                              09/30/2022 08:23:23 PAGE 1   


C51 COMPILER V9.57.0.0, COMPILATION OF MODULE TEST
OBJECT MODULE PLACED IN .\Objects\test.obj
COMPILER INVOKED BY: D:\keil5_C51\C51\BIN\C51.EXE C\test.c OPTIMIZE(8,SPEED) BROWSE INCDIR(.\C;.\H) DEBUG OBJECTEXTEND P
                    -RINT(.\Listings\test.lst) TABS(2) OBJECT(.\Objects\test.obj)

line level    source

   1          #include "global.h"
   2          
   3          /*-----------------------------------------------------------
   4          * 函数： void Scan_chadian(void)
   5          * 功能： 插电检测函数,10ms执行一次,实时检测
   6          * 输入： 无
   7          * 输出： 无
   8          ------------------------------------------------------------*/
   9          void Scan_chadian(void)
  10          {
  11   1        if(!F_chadian)
  12   1        {
  13   2          if(USB_Port)
  14   2          {
  15   3            USBDeb++;
  16   3            if(USBDeb >= 5) //消抖50ms
  17   3            {
  18   4              USBDeb = 0;
  19   4              F_chadian = 1;
  20   4              F_guoyaover = 0;
  21   4              F_Power = 0;  //插电后关机
  22   4            }
  23   3          }
  24   2          else
  25   2          {
  26   3            USBDeb = 0;
  27   3          }
  28   2        }
  29   1        else
  30   1        {
  31   2          if(!USB_Port)
  32   2          {
  33   3            USBDeb++;
  34   3            if(USBDeb >= 5) //消抖50ms
  35   3            {
  36   4              USBDeb = 0;
  37   4              F_chadian = 0;
  38   4              F_ChargeSTA = 0;
  39   4              Charge_Mode = Charge_NULL;
  40   4              F_ChargeErro = 0;
  41   4              ChargeFullDeb = 0;
  42   4              Charge_cnt_9min = 0;
  43   4              BAT3V9Deb = 0;
  44   4            }
  45   3          }
  46   2          else
  47   2          {
  48   3            USBDeb = 0;
  49   3          }
  50   2        }
  51   1      }
  52          
  53          
  54          
C51 COMPILER V9.57.0.0   TEST                                                              09/30/2022 08:23:23 PAGE 2   

  55          /*-----------------------------------------------------------
  56          * 函数： void Scan_guoya(void)
  57          * 功能： 过压检测函数，插电后实时检测，100ms跑一次
  58          * 输入： 无
  59          * 输出： 无
  60          ------------------------------------------------------------*/
  61          void Scan_guoya(void)
  62          {
  63   1        if(F_chadian && !F_guoya)
  64   1        {
  65   2          if(AD_USBV >= USB_OverVolt)
  66   2          {
  67   3            guoyaDeb++;
  68   3            if(guoyaDeb >= 4) //消抖400ms
  69   3            {
  70   4              guoyaDeb = 0;
  71   4              F_guoyaover = 1;
  72   4              F_guoya = 1;
  73   4            }
  74   3            guoyaDeb1 = 0;
  75   3          }
  76   2          else
  77   2          {
  78   3            if(!F_guoyaover)
  79   3            {
  80   4              guoyaDeb1++;
  81   4              if(guoyaDeb1 >= 4) //消抖400ms
  82   4              {
  83   5                guoyaDeb1 = 0;
  84   5                F_guoyaover = 1;
  85   5                F_guoya = 0;
  86   5              }
  87   4            }
  88   3            guoyaDeb = 0;
  89   3          }
  90   2        }
  91   1        else
  92   1        {
  93   2          guoyaDeb = 0;
  94   2          guoyaDeb1 = 0;
  95   2          F_guoya = 0;  //拔掉USB后过压标志位清零
  96   2        }
  97   1      }
  98          
  99          
 100          /*-----------------------------------------------------------
 101          * 函数： void Scan_Temp(void)
 102          * 功能： 温度检测函数,100ms跑一次
 103          * 输入： 无
 104          * 输出： 无
 105          ------------------------------------------------------------*/
 106          void Scan_Temp(void)
 107          {   
 108   1        if(!F_NTCErro)
 109   1        {
 110   2          //NTC开短路检测
 111   2          if((AD_NTCV <= NTC_ErroL) || (AD_NTCV >= NTC_ErroH))
 112   2          {
 113   3            NTCErroDeb++;
 114   3            if(NTCErroDeb >= 30)  //消抖3S
 115   3            {
 116   4              NTCErroDeb = 0;
C51 COMPILER V9.57.0.0   TEST                                                              09/30/2022 08:23:23 PAGE 3   

 117   4              F_NTCErro = 1;      //不清零
 118   4              F_Power = 0;
 119   4            }
 120   3          }
 121   2          else
 122   2          {
 123   3            if(NTCErroDeb)
 124   3            {
 125   4              NTCErroDeb--;
 126   4            }
 127   3          } 
 128   2      
 129   2          //测温
 130   2          if(Temp_Level == 0)
 131   2          {
 132   3            if(AD_NTCV <= NTC_Temp0C)
 133   3            {
 134   4              Temp_Level = 1;
 135   4            }
 136   3            if(((AD_NTCV > NTC_Temp0C) && (AD_NTCV <= NTC_Temp10C)))
 137   3            {
 138   4              Temp_Level = 2;
 139   4            }
 140   3            else if(((AD_NTCV > NTC_Temp10C) && (AD_NTCV <= NTC_Temp49C)))
 141   3            {
 142   4              Temp_Level = 3;
 143   4            }
 144   3            else if(((AD_NTCV > NTC_Temp49C) && (AD_NTCV <= NTC_Temp54C)))
 145   3            {
 146   4              Temp_Level = 4;
 147   4            }
 148   3            else if(((AD_NTCV > NTC_Temp54C) && (AD_NTCV <= NTC_Temp60C)))
 149   3            {
 150   4              Temp_Level = 5;
 151   4            }
 152   3            else if(AD_NTCV > NTC_Temp60C)
 153   3            {
 154   4              Temp_Level = 6;
 155   4            }
 156   3          }
 157   2          else
 158   2          {
 159   3            if(TempVal <= (NTC_Temp0C-32))
 160   3            {
 161   4              Temp_Level = 1;
 162   4            }
 163   3            if(((TempVal > (NTC_Temp0C+32)) && (TempVal <= (NTC_Temp10C))))
 164   3            {
 165   4              Temp_Level = 2;
 166   4            }
 167   3            else if(((TempVal > (NTC_Temp10C+32)) && (TempVal <= (NTC_Temp49C-32))))
 168   3            {
 169   4              Temp_Level = 3;
 170   4            }
 171   3            else if(((TempVal > (NTC_Temp49C+32)) && (TempVal <= (NTC_Temp54C-32))))
 172   3            {
 173   4              Temp_Level = 4;
 174   4            }
 175   3            else if(((TempVal > (NTC_Temp54C)) && (TempVal <= (NTC_Temp60C-32))))
 176   3            {
 177   4              Temp_Level = 5;
 178   4            }
C51 COMPILER V9.57.0.0   TEST                                                              09/30/2022 08:23:23 PAGE 4   

 179   3            else if(TempVal > (NTC_Temp60C+32))
 180   3            {
 181   4              Temp_Level = 6;
 182   4            }
 183   3          }
 184   2          
 185   2          if(AD_NTCV != TempVal)
 186   2          {
 187   3            if(++TempDeb >= 4) //消抖400ms
 188   3            {
 189   4              TempDeb = 0;
 190   4              TempVal = AD_NTCV;
 191   4            }
 192   3          }
 193   2          else
 194   2          {
 195   3            TempDeb = 0;
 196   3          }
 197   2          
 198   2          //根据不同温度设标志位
 199   2          if(Temp_Level==0 || Temp_Level==5 || Temp_Level==6)
 200   2          {
 201   3            F_TempErro = 1;
 202   3            if(Temp_Level==6)
 203   3            {
 204   4              F_TempHigh = 1;
 205   4            }
 206   3            else
 207   3            {
 208   4              F_TempHigh = 0;
 209   4            }
 210   3          }
 211   2          else
 212   2          {
 213   3            F_TempErro = 0;
 214   3            F_TempHigh = 0;
 215   3            if(Temp_Level==4 || Temp_Level==2)
 216   3            {
 217   4              F_TempAnom = 1;
 218   4            }
 219   3            if(Temp_Level==3)
 220   3            {
 221   4              F_TempAnom = 0;
 222   4            }
 223   3          }
 224   2        }
 225   1      }
 226          
 227          
 228          
 229          
 230          /*-----------------------------------------------------------
 231          * 函数： void Scan_BATVol(void)
 232          * 功能： 电池电压检测函数,100ms跑一次
 233          * 输入： 无
 234          * 输出： 无
 235          ------------------------------------------------------------*/
 236          void Scan_BATVol(void)
 237          {
 238   1        if(F_chadian)
 239   1        {
 240   2          //电池过压4.15V保护
C51 COMPILER V9.57.0.0   TEST                                                              09/30/2022 08:23:23 PAGE 5   

 241   2          if((AD_BATV >= RealBat_4V15) && (AD_ChargeC <= Charge_250mA)) 
 242   2          {
 243   3            BATDeb1++;
 244   3            if(BATDeb1 >= 5)    //消抖500ms
 245   3            {
 246   4              BATDeb1 = 0;
 247   4              F_ChargeSTA = 1;
 248   4            }
 249   3          }
 250   2          else
 251   2          {
 252   3            BATDeb1 = 0;
 253   3          }
 254   2        }
 255   1        else
 256   1        {
 257   2          BATDeb1 = 0;
 258   2          
 259   2          //电池低压检测
 260   2          if(!F_diya)
 261   2          {
 262   3            if((AD_BATV >= BAT_3V) && (AD_BATV <= BAT_3V3))
 263   3            {
 264   4              if(++BATDeb2 >= 10)  //消抖1s
 265   4              {
 266   5                BATDeb2 = 0;
 267   5                F_diya = 1;
 268   5              }
 269   4            }
 270   3            else
 271   3            {
 272   4              if(BATDeb2)
 273   4              {
 274   5                BATDeb2--;
 275   5              }
 276   4            }
 277   3          }
 278   2          else
 279   2          {
 280   3            if(AD_BATV >= BAT_3V3 + 55)
 281   3            {
 282   4              if(++BATDeb2 >= 10)  //消抖1s
 283   4              {
 284   5                BATDeb2 = 0;
 285   5                F_diya = 0;
 286   5              }
 287   4            }
 288   3            else
 289   3            {
 290   4              if(BATDeb2)
 291   4              {
 292   5                BATDeb2--;
 293   5              }
 294   4            }
 295   3          }
 296   2          
 297   2          //亏电检测
 298   2          if(!F_kuidian)
 299   2          {
 300   3            if(AD_BATV <= BAT_3V)
 301   3            {
 302   4              if(++BATDeb3 >= 10) //消抖1s
C51 COMPILER V9.57.0.0   TEST                                                              09/30/2022 08:23:23 PAGE 6   

 303   4              {
 304   5                BATDeb3 = 0;
 305   5                F_kuidian = 1;
 306   5                F_Power = 0;
 307   5              }
 308   4            }
 309   3            else
 310   3            {
 311   4              if(BATDeb3)
 312   4              {
 313   5                BATDeb3 = 0;
 314   5              }
 315   4            }
 316   3          }
 317   2          
 318   2        } 
 319   1      }
 320          
 321          ///*-----------------------------------------------------------
 322          //* 函数： void Motor1_guozai(void)
 323          //* 功能： 振动电机过载检测函数,100ms跑一次
 324          //* 输入： 无
 325          //* 输出： 无
 326          //------------------------------------------------------------*/
 327          //void Motor1_guozai(void)
 328          //{
 329          //  
 330          //}


MODULE INFORMATION:   STATIC OVERLAYABLE
   CODE SIZE        =    705    ----
   CONSTANT SIZE    =   ----    ----
   XDATA SIZE       =   ----    ----
   PDATA SIZE       =   ----    ----
   DATA SIZE        =   ----    ----
   IDATA SIZE       =   ----    ----
   BIT SIZE         =   ----    ----
END OF MODULE INFORMATION.


C51 COMPILATION COMPLETE.  0 WARNING(S),  0 ERROR(S)
