C51 COMPILER V9.57.0.0   TIME                                                              09/30/2022 08:23:23 PAGE 1   


C51 COMPILER V9.57.0.0, COMPILATION OF MODULE TIME
OBJECT MODULE PLACED IN .\Objects\time.obj
COMPILER INVOKED BY: D:\keil5_C51\C51\BIN\C51.EXE C\time.c OPTIMIZE(8,SPEED) BROWSE INCDIR(.\C;.\H) DEBUG OBJECTEXTEND P
                    -RINT(.\Listings\time.lst) TABS(2) OBJECT(.\Objects\time.obj)

line level    source

   1          #include "global.h"
   2          
   3          /*-----------------------------------------------------------
   4          * 函数：void Charge_timecounter(void)
   5          * 功能：充电计时函数,500ms执行一次
   6          * 输入： 无
   7          * 输出： 无
   8          ------------------------------------------------------------*/
   9          void Charge_timecounter(void)
  10          {
  11   1        if(!F_ChargeSTA)
  12   1        {
  13   2          Charge_time++;  //充电计时
  14   2          if(Charge_time >= 21600) //3H
  15   2          {
  16   3            F_ChargeFull = 1;
  17   3          }
  18   2          if(Charge_time >= 36000) //5H
  19   2          {
  20   3            Charge_time = 0;
  21   3            F_ChargeSTA = 1; //关充电
  22   3          }
  23   2          
  24   2          if(Charge_Mode == Charge_S) //低压涓流充电不能超过1H
  25   2          {
  26   3            if(++cnt_1hLowVol >= 7200)//1H
  27   3            {
  28   4              cnt_1hLowVol = 0;
  29   4              F_ChargeErro = 1;
  30   4            }
  31   3          }
  32   2          else 
  33   2          {
  34   3            if(cnt_1hLowVol > 72)
  35   3            {
  36   4              cnt_1hLowVol -= 72;
  37   4            }
  38   3            else
  39   3            {
  40   4              cnt_1hLowVol = 0;
  41   4            }
  42   3          }
  43   2          
  44   2          if((Charge_Mode == Charge_Other) && (Temp_Level==4)) //高温涓流充电不能超过1H
  45   2          {
  46   3            if(++cnt_1hHightemp >= 7200)//1H
  47   3            {
  48   4              cnt_1hHightemp = 0;
  49   4              F_ChargeErro = 1;
  50   4            }
  51   3          }
  52   2          else
  53   2          {
  54   3            if(cnt_1hHightemp > 72)
C51 COMPILER V9.57.0.0   TIME                                                              09/30/2022 08:23:23 PAGE 2   

  55   3            {
  56   4              cnt_1hHightemp -= 72;
  57   4            }
  58   3            else
  59   3            {
  60   4              cnt_1hHightemp = 0;
  61   4            }
  62   3          }
  63   2        }
  64   1        else
  65   1        {
  66   2          cnt_1hHightemp = 0;
  67   2          cnt_1hLowVol = 0;
  68   2          Charge_time = 0;
  69   2        }
  70   1      }


MODULE INFORMATION:   STATIC OVERLAYABLE
   CODE SIZE        =    203    ----
   CONSTANT SIZE    =   ----    ----
   XDATA SIZE       =   ----    ----
   PDATA SIZE       =   ----    ----
   DATA SIZE        =   ----    ----
   IDATA SIZE       =   ----    ----
   BIT SIZE         =   ----    ----
END OF MODULE INFORMATION.


C51 COMPILATION COMPLETE.  0 WARNING(S),  0 ERROR(S)
